0 verbose cli D:\node\node.exe D:\node\node_modules\npm\bin\npm-cli.js
1 info using npm@11.19.0
2 info using node@v26.7.0
3 silly config load:file:D:\node\node_modules\npm\npmrc
4 silly config load:file:F:\奶龙杯\pigdogcat\mcbot\.npmrc
5 silly config load:file:C:\Users\HP\.npmrc
6 silly config load:file:C:\Users\HP\npm-global\etc\npmrc
7 verbose title npm install
8 verbose argv "install"
9 verbose logfile logs-max:10 dir:e:\FactorX\.npm-cache\_logs\2026-08-16T03_52_47_149Z-
10 verbose logfile e:\FactorX\.npm-cache\_logs\2026-08-16T03_52_47_149Z-debug-0.log
11 silly logfile start cleaning logs, removing 1 files
12 silly logfile done cleaning log files
13 silly packumentCache heap:4395630592 maxSize:1098907648 maxEntrySize:549453824
14 silly idealTree buildDeps
15 silly reify moves {}
16 silly audit bulk request {
16 silly audit   '@azure/msal-common': [ '14.16.1' ],
16 silly audit   '@azure/msal-node': [ '2.16.3' ],
16 silly audit   '@types/node': [ '26.2.0' ],
16 silly audit   '@types/node-rsa': [ '1.1.4' ],
16 silly audit   '@types/readable-stream': [ '4.0.24' ],
16 silly audit   '@xboxreplay/xboxlive-auth': [ '5.1.0' ],
16 silly audit   'abort-controller': [ '3.0.0' ],
16 silly audit   'aes-js': [ '3.1.2' ],
16 silly audit   ajv: [ '6.15.0' ],
16 silly audit   asn1: [ '0.2.3' ],
16 silly audit   'base64-js': [ '1.5.1' ],
16 silly audit   buffer: [ '6.0.3' ],
16 silly audit   'buffer-equal': [ '1.0.1' ],
16 silly audit   'buffer-equal-constant-time': [ '1.0.1' ],
16 silly audit   commander: [ '2.20.3' ],
16 silly audit   debug: [ '4.4.3' ],
16 silly audit   'discontinuous-range': [ '1.0.0' ],
16 silly audit   'ecdsa-sig-formatter': [ '1.0.11' ],
16 silly audit   'endian-toggle': [ '0.0.0' ],
16 silly audit   'event-target-shim': [ '5.0.1' ],
16 silly audit   events: [ '3.3.0' ],
16 silly audit   'fast-deep-equal': [ '3.1.3' ],
16 silly audit   'fast-json-stable-stringify': [ '2.1.0' ],
16 silly audit   ieee754: [ '1.2.1' ],
16 silly audit   'json-schema-traverse': [ '0.4.1' ],
16 silly audit   jsonwebtoken: [ '9.0.3' ],
16 silly audit   jwa: [ '2.0.1' ],
16 silly audit   jws: [ '4.0.1' ],
16 silly audit   'lodash.includes': [ '4.3.0' ],
16 silly audit   'lodash.isboolean': [ '3.0.3' ],
16 silly audit   'lodash.isinteger': [ '4.0.4' ],
16 silly audit   'lodash.isnumber': [ '3.0.3' ],
16 silly audit   'lodash.isplainobject': [ '4.0.6' ],
16 silly audit   'lodash.isstring': [ '4.0.1' ],
16 silly audit   'lodash.merge': [ '4.6.2' ],
16 silly audit   'lodash.once': [ '4.1.1' ],
16 silly audit   'lodash.reduce': [ '4.6.0' ],
16 silly audit   macaddress: [ '0.5.4' ],
16 silly audit   'minecraft-data': [ '3.113.2' ],
16 silly audit   'minecraft-folder-path': [ '1.2.0' ],
16 silly audit   'minecraft-protocol': [ '1.66.2' ],
16 silly audit   mineflayer: [ '4.37.1' ],
16 silly audit   'mineflayer-pathfinder': [ '2.4.5' ],
16 silly audit   mojangson: [ '2.0.4' ],
16 silly audit   moo: [ '0.5.3' ],
16 silly audit   ms: [ '2.1.3' ],
16 silly audit   nearley: [ '2.20.1' ],
16 silly audit   'node-fetch': [ '2.7.0' ],
16 silly audit   'node-rsa': [ '0.4.2' ],
16 silly audit   'prismarine-auth': [ '3.1.1' ],
16 silly audit   'prismarine-biome': [ '1.4.0' ],
16 silly audit   'prismarine-block': [ '1.23.0' ],
16 silly audit   'prismarine-chat': [ '1.13.0' ],
16 silly audit   'prismarine-chunk': [ '1.41.0' ],
16 silly audit   'prismarine-entity': [ '2.6.0' ],
16 silly audit   'prismarine-item': [ '1.18.0' ],
16 silly audit   'prismarine-nbt': [ '2.8.0' ],
16 silly audit   'prismarine-physics': [ '1.11.1' ],
16 silly audit   vec3: [ '0.2.0', '0.1.10' ],
16 silly audit   'prismarine-realms': [ '1.6.0' ],
16 silly audit   'prismarine-recipe': [ '1.5.0' ],
16 silly audit   'prismarine-registry': [ '1.12.0' ],
16 silly audit   'prismarine-windows': [ '2.10.0' ],
16 silly audit   'typed-emitter': [ '2.1.0', '1.4.0' ],
16 silly audit   'prismarine-world': [ '3.7.0' ],
16 silly audit   process: [ '0.11.10' ],
16 silly audit   protodef: [ '1.19.0' ],
16 silly audit   'protodef-validator': [ '1.4.0' ],
16 silly audit   punycode: [ '2.3.1' ],
16 silly audit   'railroad-diagrams': [ '1.0.0' ],
16 silly audit   randexp: [ '0.4.6' ],
16 silly audit   'readable-stream': [ '4.7.0' ],
16 silly audit   ret: [ '0.1.15' ],
16 silly audit   rxjs: [ '7.8.2' ],
16 silly audit   'safe-buffer': [ '5.2.1' ],
16 silly audit   semver: [ '7.8.5' ],
16 silly audit   'smart-buffer': [ '4.2.0' ],
16 silly audit   string_decoder: [ '1.3.0' ],
16 silly audit   tr46: [ '0.0.3' ],
16 silly audit   tslib: [ '2.8.1' ],
16 silly audit   uint4: [ '0.1.2' ],
16 silly audit   'undici-types': [ '8.3.0' ],
16 silly audit   'uri-js': [ '4.4.1' ],
16 silly audit   uuid: [ '8.3.2', '10.0.0' ],
16 silly audit   'uuid-1345': [ '1.0.2' ],
16 silly audit   'webidl-conversions': [ '3.0.1' ],
16 silly audit   'whatwg-url': [ '5.0.0' ],
16 silly audit   'xxhash-wasm': [ '0.4.2' ],
16 silly audit   yggdrasil: [ '1.8.0' ]
16 silly audit }
17 http fetch POST 404 https://registry.npmmirror.com/-/npm/v1/security/advisories/bulk 122ms
18 verbose audit error HttpErrorGeneral: 404 Not Found - POST https://registry.npmmirror.com/-/npm/v1/security/advisories/bulk - [NOT_IMPLEMENTED] /-/npm/v1/security/* not implemented yet
18 verbose audit error     at D:\node\node_modules\npm\node_modules\npm-registry-fetch\lib\check-response.js:103:15
18 verbose audit error     at process.processTicksAndRejections (node:internal/process/task_queues:104:5)
18 verbose audit error     at async #getReport (D:\node\node_modules\npm\node_modules\@npmcli\arborist\lib\audit-report.js:334:19)
18 verbose audit error     at async AuditReport.run (D:\node\node_modules\npm\node_modules\@npmcli\arborist\lib\audit-report.js:101:19) {
18 verbose audit error   headers: [Object: null prototype] {
18 verbose audit error     server: [ 'Tengine' ],
18 verbose audit error     date: [ 'Sun, 16 Aug 2026 03:52:46 GMT' ],
18 verbose audit error     'content-type': [ 'application/json' ],
18 verbose audit error     'transfer-encoding': [ 'chunked' ],
18 verbose audit error     connection: [ 'keep-alive' ],
18 verbose audit error     'strict-transport-security': [ 'max-age=5184000' ],
18 verbose audit error     via: [ 'kunlun2.cn9413[,404666]' ],
18 verbose audit error     'timing-allow-origin': [ '*' ],
18 verbose audit error     eagleid: [ '702e3d9617868523668814801e' ],
18 verbose audit error     'x-fetch-attempts': [ '1' ]
18 verbose audit error   },
18 verbose audit error   statusCode: 404,
18 verbose audit error   code: 'E404',
18 verbose audit error   method: 'POST',
18 verbose audit error   uri: 'https://registry.npmmirror.com/-/npm/v1/security/advisories/bulk',
18 verbose audit error   body: {
18 verbose audit error     error: '[NOT_IMPLEMENTED] /-/npm/v1/security/* not implemented yet'
18 verbose audit error   },
18 verbose audit error   pkgid: undefined
18 verbose audit error }
19 silly audit error [object Object]
20 silly audit report null
21 verbose cwd F:\奶龙杯\pigdogcat\mcbot
22 verbose os Windows_NT 10.0.22631
23 verbose node v26.7.0
24 verbose npm  v11.19.0
25 verbose exit 0
26 info ok
