0 verbose cli D:\node\node.exe D:\node\node_modules\npm\bin\npm-cli.js
1 info using npm@10.8.2
2 info using node@v20.19.0
3 silly config load:file:D:\node\node_modules\npm\npmrc
4 silly config load:file:E:\FactorX\frontend\.npmrc
5 silly config load:file:C:\Users\HP\.npmrc
6 silly config load:file:C:\Users\HP\npm-global\etc\npmrc
7 verbose title npm run build
8 verbose argv "run" "build"
9 verbose logfile logs-max:10 dir:e:\FactorX\.npm-cache\_logs\2026-08-12T18_06_56_998Z-
10 verbose logfile e:\FactorX\.npm-cache\_logs\2026-08-12T18_06_56_998Z-debug-0.log
11 silly logfile done cleaning log files
12 verbose stack Error: Missing script: "build"
12 verbose stack
12 verbose stack To see a list of scripts, run:
12 verbose stack   npm run
12 verbose stack     at #run (D:\node\node_modules\npm\lib\commands\run-script.js:110:13)
12 verbose stack     at async RunScript.exec (D:\node\node_modules\npm\lib\commands\run-script.js:39:7)
12 verbose stack     at async Npm.exec (D:\node\node_modules\npm\lib\npm.js:207:9)
12 verbose stack     at async module.exports (D:\node\node_modules\npm\lib\cli\entry.js:74:5)
13 error Missing script: "build"
13 error
13 error To see a list of scripts, run:
13 error   npm run
14 verbose cwd E:\FactorX\frontend
15 verbose os Windows_NT 10.0.22631
16 verbose node v20.19.0
17 verbose npm  v10.8.2
18 verbose exit 1
19 verbose code 1
20 error A complete log of this run can be found in: e:\FactorX\.npm-cache\_logs\2026-08-12T18_06_56_998Z-debug-0.log
