0 verbose cli D:\node\node.exe D:\node\node_modules\npm\bin\npm-cli.js
1 info using npm@10.8.2
2 info using node@v20.19.0
3 silly config load:file:D:\node\node_modules\npm\npmrc
4 silly config load:file:E:\FactorX\frontend\.npmrc
5 silly config load:file:C:\Users\HP\.npmrc
6 silly config load:file:C:\Users\HP\npm-global\etc\npmrc
7 verbose title npm install
8 verbose argv "install"
9 verbose logfile logs-max:10 dir:e:\FactorX\.npm-cache\_logs\2026-08-12T17_59_06_165Z-
10 verbose logfile e:\FactorX\.npm-cache\_logs\2026-08-12T17_59_06_165Z-debug-0.log
11 silly packumentCache heap:4345298944 maxSize:1086324736 maxEntrySize:543162368
12 silly logfile done cleaning log files
13 silly idealTree buildDeps
14 silly fetch manifest axios@^1.7.7
15 silly packumentCache full:https://registry.npmmirror.com/axios cache-miss
16 http fetch GET https://registry.npmmirror.com/npm attempt 1 failed with EACCES
17 http fetch GET https://registry.npmmirror.com/axios attempt 1 failed with EACCES
18 http fetch GET https://registry.npmmirror.com/npm attempt 2 failed with EACCES
19 http fetch GET https://registry.npmmirror.com/axios attempt 2 failed with EACCES
20 http fetch GET https://registry.npmmirror.com/npm attempt 3 failed with EACCES
21 http fetch GET https://registry.npmmirror.com/axios attempt 3 failed with EACCES
22 silly fetch manifest react@^18.3.1
23 silly packumentCache full:https://registry.npmmirror.com/react cache-miss
24 http fetch GET https://registry.npmmirror.com/react attempt 1 failed with EACCES
25 http fetch GET https://registry.npmmirror.com/react attempt 2 failed with EACCES
